2026-08-06 11:29:27.983: [INFO] CurrentProfilePath: C:\Users\JUBER\Desktop\SOAS3\Skill2\.metadata\.plugins\org.eclipse.swt\EBWebView\Default
2026-08-06 11:29:27.983: [INFO] Profiles total count: 1
2026-08-06 11:29:27.983: [INFO] Profile: name=Profile 1 path=C:\Users\JUBER\Desktop\SOAS3\Skill2\.metadata\.plugins\org.eclipse.swt\EBWebView\Default lastActive=null
2026-08-06 11:29:27.983: [INFO] LastUsedProfileDir: C:\Users\JUBER\Desktop\SOAS3\Skill2\.metadata\.plugins\org.eclipse.swt\EBWebView\Default
2026-08-06 11:29:27.983: [INFO] OnDoneLoading sync enabled: 0
2026-08-06 11:29:27.983: [INFO] BookmarkModelLoaded, ids_reassigned: 0
2026-08-06 11:29:27.983: [INFO] BookmarksLoadDropped droppedNodes=0
2026-08-06 11:29:27.983: [INFO] BookmarksSnapshot Startup total=0 bar=0 other=0 mobile=0 showBar=0 showBarNTP=1
2026-08-06 11:29:33.589: [INFO] BookmarksSnapshot Shutdown total=0 bar=0 other=0 mobile=0 showBar=0 showBarNTP=1
2026-08-12 10:37:19.159: [INFO] CurrentProfilePath: C:\Users\JUBER\Desktop\SOAS3\Skill2\.metadata\.plugins\org.eclipse.swt\EBWebView\Default
2026-08-12 10:37:19.159: [INFO] Profiles total count: 1
2026-08-12 10:37:19.159: [INFO] Profile: name=Profile 1 path=C:\Users\JUBER\Desktop\SOAS3\Skill2\.metadata\.plugins\org.eclipse.swt\EBWebView\Default lastActive=null
2026-08-12 10:37:19.159: [INFO] LastUsedProfileDir: C:\Users\JUBER\Desktop\SOAS3\Skill2\.metadata\.plugins\org.eclipse.swt\EBWebView\Default
2026-08-12 10:37:19.159: [INFO] OnDoneLoading sync enabled: 0
2026-08-12 10:37:19.159: [INFO] BookmarkModelLoaded, ids_reassigned: 0
2026-08-12 10:37:19.159: [INFO] BookmarksLoadDropped droppedNodes=0
2026-08-12 10:37:19.159: [INFO] BookmarksSnapshot Startup total=0 bar=0 other=0 mobile=0 showBar=0 showBarNTP=1
2026-08-12 11:53:23.991: [INFO] BookmarksSnapshot Shutdown total=0 bar=0 other=0 mobile=0 showBar=0 showBarNTP=1
2026-08-13 05:53:31.789: [INFO] CurrentProfilePath: C:\Users\JUBER\Desktop\SOAS3\Skill2\.metadata\.plugins\org.eclipse.swt\EBWebView\Default
2026-08-13 05:53:31.789: [INFO] Profiles total count: 1
2026-08-13 05:53:31.789: [INFO] Profile: name=Profile 1 path=C:\Users\JUBER\Desktop\SOAS3\Skill2\.metadata\.plugins\org.eclipse.swt\EBWebView\Default lastActive=null
2026-08-13 05:53:31.789: [INFO] LastUsedProfileDir: C:\Users\JUBER\Desktop\SOAS3\Skill2\.metadata\.plugins\org.eclipse.swt\EBWebView\Default
2026-08-13 05:53:31.789: [INFO] OnDoneLoading sync enabled: 0
2026-08-13 05:53:31.789: [INFO] BookmarkModelLoaded, ids_reassigned: 0
2026-08-13 05:53:31.789: [INFO] BookmarksLoadDropped droppedNodes=0
2026-08-13 05:53:31.789: [INFO] BookmarksSnapshot Startup total=0 bar=0 other=0 mobile=0 showBar=0 showBarNTP=1
2026-08-13 05:57:47.351: [INFO] BookmarksSnapshot Shutdown total=0 bar=0 other=0 mobile=0 showBar=0 showBarNTP=1
2026-08-13 06:01:32.131: [INFO] CurrentProfilePath: C:\Users\JUBER\Desktop\SOAS3\Skill2\.metadata\.plugins\org.eclipse.swt\EBWebView\Default
2026-08-13 06:01:32.131: [INFO] Profiles total count: 1
2026-08-13 06:01:32.131: [INFO] Profile: name=Profile 1 path=C:\Users\JUBER\Desktop\SOAS3\Skill2\.metadata\.plugins\org.eclipse.swt\EBWebView\Default lastActive=null
2026-08-13 06:01:32.131: [INFO] LastUsedProfileDir: C:\Users\JUBER\Desktop\SOAS3\Skill2\.metadata\.plugins\org.eclipse.swt\EBWebView\Default
2026-08-13 06:01:32.131: [INFO] OnDoneLoading sync enabled: 0
2026-08-13 06:01:32.131: [INFO] BookmarkModelLoaded, ids_reassigned: 0
2026-08-13 06:01:32.131: [INFO] BookmarksLoadDropped droppedNodes=0
2026-08-13 06:01:32.131: [INFO] BookmarksSnapshot Startup total=0 bar=0 other=0 mobile=0 showBar=0 showBarNTP=1
2026-08-13 06:02:22.439: [INFO] BookmarksSnapshot Shutdown total=0 bar=0 other=0 mobile=0 showBar=0 showBarNTP=1
2026-08-13 06:09:08.260: [INFO] CurrentProfilePath: C:\Users\JUBER\Desktop\SOAS3\Skill2\.metadata\.plugins\org.eclipse.swt\EBWebView\Default
2026-08-13 06:09:08.260: [INFO] Profiles total count: 1
2026-08-13 06:09:08.260: [INFO] Profile: name=Profile 1 path=C:\Users\JUBER\Desktop\SOAS3\Skill2\.metadata\.plugins\org.eclipse.swt\EBWebView\Default lastActive=null
2026-08-13 06:09:08.260: [INFO] LastUsedProfileDir: C:\Users\JUBER\Desktop\SOAS3\Skill2\.metadata\.plugins\org.eclipse.swt\EBWebView\Default
2026-08-13 06:09:08.260: [INFO] OnDoneLoading sync enabled: 0
2026-08-13 06:09:08.260: [INFO] BookmarkModelLoaded, ids_reassigned: 0
2026-08-13 06:09:08.260: [INFO] BookmarksLoadDropped droppedNodes=0
2026-08-13 06:09:08.260: [INFO] BookmarksSnapshot Startup total=0 bar=0 other=0 mobile=0 showBar=0 showBarNTP=1
2026-08-13 06:11:05.911: [INFO] BookmarksSnapshot Shutdown total=0 bar=0 other=0 mobile=0 showBar=0 showBarNTP=1
2026-08-13 06:11:30.636: [INFO] CurrentProfilePath: C:\Users\JUBER\Desktop\SOAS3\Skill2\.metadata\.plugins\org.eclipse.swt\EBWebView\Default
2026-08-13 06:11:30.636: [INFO] Profiles total count: 1
2026-08-13 06:11:30.636: [INFO] Profile: name=Profile 1 path=C:\Users\JUBER\Desktop\SOAS3\Skill2\.metadata\.plugins\org.eclipse.swt\EBWebView\Default lastActive=null
2026-08-13 06:11:30.636: [INFO] LastUsedProfileDir: C:\Users\JUBER\Desktop\SOAS3\Skill2\.metadata\.plugins\org.eclipse.swt\EBWebView\Default
2026-08-13 06:11:30.636: [INFO] OnDoneLoading sync enabled: 0
2026-08-13 06:11:30.636: [INFO] BookmarkModelLoaded, ids_reassigned: 0
2026-08-13 06:11:30.636: [INFO] BookmarksLoadDropped droppedNodes=0
2026-08-13 06:11:30.636: [INFO] BookmarksSnapshot Startup total=0 bar=0 other=0 mobile=0 showBar=0 showBarNTP=1
2026-08-13 06:11:32.993: [INFO] BookmarksSnapshot Shutdown total=0 bar=0 other=0 mobile=0 showBar=0 showBarNTP=1
2026-08-13 06:13:25.455: [INFO] CurrentProfilePath: C:\Users\JUBER\Desktop\SOAS3\Skill2\.metadata\.plugins\org.eclipse.swt\EBWebView\Default
2026-08-13 06:13:25.455: [INFO] Profiles total count: 1
2026-08-13 06:13:25.455: [INFO] Profile: name=Profile 1 path=C:\Users\JUBER\Desktop\SOAS3\Skill2\.metadata\.plugins\org.eclipse.swt\EBWebView\Default lastActive=null
2026-08-13 06:13:25.455: [INFO] LastUsedProfileDir: C:\Users\JUBER\Desktop\SOAS3\Skill2\.metadata\.plugins\org.eclipse.swt\EBWebView\Default
2026-08-13 06:13:25.455: [INFO] OnDoneLoading sync enabled: 0
2026-08-13 06:13:25.455: [INFO] BookmarkModelLoaded, ids_reassigned: 0
2026-08-13 06:13:25.455: [INFO] BookmarksLoadDropped droppedNodes=0
2026-08-13 06:13:25.455: [INFO] BookmarksSnapshot Startup total=0 bar=0 other=0 mobile=0 showBar=0 showBarNTP=1
2026-08-13 06:30:34.142: [INFO] BookmarksSnapshot Shutdown total=0 bar=0 other=0 mobile=0 showBar=0 showBarNTP=1
2026-08-13 10:25:08.157: [INFO] CurrentProfilePath: C:\Users\JUBER\Desktop\SOAS3\Skill2\.metadata\.plugins\org.eclipse.swt\EBWebView\Default
2026-08-13 10:25:08.157: [INFO] Profiles total count: 1
2026-08-13 10:25:08.157: [INFO] Profile: name=Profile 1 path=C:\Users\JUBER\Desktop\SOAS3\Skill2\.metadata\.plugins\org.eclipse.swt\EBWebView\Default lastActive=null
2026-08-13 10:25:08.157: [INFO] LastUsedProfileDir: C:\Users\JUBER\Desktop\SOAS3\Skill2\.metadata\.plugins\org.eclipse.swt\EBWebView\Default
2026-08-13 10:25:08.157: [INFO] OnDoneLoading sync enabled: 0
2026-08-13 10:25:08.157: [INFO] BookmarkModelLoaded, ids_reassigned: 0
2026-08-13 10:25:08.157: [INFO] BookmarksLoadDropped droppedNodes=0
2026-08-13 10:25:08.157: [INFO] BookmarksSnapshot Startup total=0 bar=0 other=0 mobile=0 showBar=0 showBarNTP=1
2026-08-13 10:25:08.827: [INFO] BookmarksSnapshot Shutdown total=0 bar=0 other=0 mobile=0 showBar=0 showBarNTP=1
2026-08-13 10:26:12.256: [INFO] CurrentProfilePath: C:\Users\JUBER\Desktop\SOAS3\Skill2\.metadata\.plugins\org.eclipse.swt\EBWebView\Default
2026-08-13 10:26:12.256: [INFO] Profiles total count: 1
2026-08-13 10:26:12.256: [INFO] Profile: name=Profile 1 path=C:\Users\JUBER\Desktop\SOAS3\Skill2\.metadata\.plugins\org.eclipse.swt\EBWebView\Default lastActive=null
2026-08-13 10:26:12.256: [INFO] LastUsedProfileDir: C:\Users\JUBER\Desktop\SOAS3\Skill2\.metadata\.plugins\org.eclipse.swt\EBWebView\Default
2026-08-13 10:26:12.256: [INFO] OnDoneLoading sync enabled: 0
2026-08-13 10:26:12.256: [INFO] BookmarkModelLoaded, ids_reassigned: 0
2026-08-13 10:26:12.256: [INFO] BookmarksLoadDropped droppedNodes=0
2026-08-13 10:26:12.256: [INFO] BookmarksSnapshot Startup total=0 bar=0 other=0 mobile=0 showBar=0 showBarNTP=1
2026-08-13 11:08:27.585: [INFO] BookmarksSnapshot Shutdown total=0 bar=0 other=0 mobile=0 showBar=0 showBarNTP=1
