2026-08-12 10:39:14.970: [INFO] CurrentProfilePath: E:\SOA-SKILL\SKILL 2\.metadata\.plugins\org.eclipse.swt\EBWebView\Default
2026-08-12 10:39:14.970: [INFO] Profiles total count: 1
2026-08-12 10:39:14.970: [INFO] Profile: name=Profile 1 path=E:\SOA-SKILL\SKILL 2\.metadata\.plugins\org.eclipse.swt\EBWebView\Default lastActive=null
2026-08-12 10:39:14.970: [INFO] LastUsedProfileDir: E:\SOA-SKILL\SKILL 2\.metadata\.plugins\org.eclipse.swt\EBWebView\Default
2026-08-12 10:39:14.970: [INFO] OnDoneLoading sync enabled: 0
2026-08-12 10:39:14.970: [INFO] BookmarkModelLoaded, ids_reassigned: 0
2026-08-12 10:39:14.970: [INFO] BookmarksLoadDropped droppedNodes=0
2026-08-12 10:39:14.970: [INFO] BookmarksSnapshot Startup total=0 bar=0 other=0 mobile=0 showBar=0 showBarNTP=1
2026-08-12 10:39:18.695: [INFO] BookmarksSnapshot Shutdown total=0 bar=0 other=0 mobile=0 showBar=0 showBarNTP=1
2026-08-12 10:39:20.706: [INFO] CurrentProfilePath: E:\SOA-SKILL\SKILL 2\.metadata\.plugins\org.eclipse.swt\EBWebView\Default
2026-08-12 10:39:20.706: [INFO] Profiles total count: 1
2026-08-12 10:39:20.706: [INFO] Profile: name=Profile 1 path=E:\SOA-SKILL\SKILL 2\.metadata\.plugins\org.eclipse.swt\EBWebView\Default lastActive=null
2026-08-12 10:39:20.706: [INFO] LastUsedProfileDir: E:\SOA-SKILL\SKILL 2\.metadata\.plugins\org.eclipse.swt\EBWebView\Default
2026-08-12 10:39:20.707: [INFO] OnDoneLoading sync enabled: 0
2026-08-12 10:39:20.707: [INFO] BookmarkModelLoaded, ids_reassigned: 0
2026-08-12 10:39:20.707: [INFO] BookmarksLoadDropped droppedNodes=0
2026-08-12 10:39:20.707: [INFO] BookmarksSnapshot Startup total=0 bar=0 other=0 mobile=0 showBar=0 showBarNTP=1
2026-08-12 10:39:20.798: [INFO] BookmarksSnapshot Shutdown total=0 bar=0 other=0 mobile=0 showBar=0 showBarNTP=1
2026-08-12 10:40:00.743: [INFO] CurrentProfilePath: E:\SOA-SKILL\SKILL 2\.metadata\.plugins\org.eclipse.swt\EBWebView\Default
2026-08-12 10:40:00.743: [INFO] Profiles total count: 1
2026-08-12 10:40:00.743: [INFO] Profile: name=Profile 1 path=E:\SOA-SKILL\SKILL 2\.metadata\.plugins\org.eclipse.swt\EBWebView\Default lastActive=null
2026-08-12 10:40:00.743: [INFO] LastUsedProfileDir: E:\SOA-SKILL\SKILL 2\.metadata\.plugins\org.eclipse.swt\EBWebView\Default
2026-08-12 10:40:00.743: [INFO] OnDoneLoading sync enabled: 0
2026-08-12 10:40:00.743: [INFO] BookmarkModelLoaded, ids_reassigned: 0
2026-08-12 10:40:00.743: [INFO] BookmarksLoadDropped droppedNodes=0
2026-08-12 10:40:00.743: [INFO] BookmarksSnapshot Startup total=0 bar=0 other=0 mobile=0 showBar=0 showBarNTP=1
2026-08-12 10:40:00.828: [INFO] BookmarksSnapshot Shutdown total=0 bar=0 other=0 mobile=0 showBar=0 showBarNTP=1
2026-08-12 10:41:46.312: [INFO] CurrentProfilePath: E:\SOA-SKILL\SKILL 2\.metadata\.plugins\org.eclipse.swt\EBWebView\Default
2026-08-12 10:41:46.312: [INFO] Profiles total count: 1
2026-08-12 10:41:46.312: [INFO] Profile: name=Profile 1 path=E:\SOA-SKILL\SKILL 2\.metadata\.plugins\org.eclipse.swt\EBWebView\Default lastActive=null
2026-08-12 10:41:46.312: [INFO] LastUsedProfileDir: E:\SOA-SKILL\SKILL 2\.metadata\.plugins\org.eclipse.swt\EBWebView\Default
2026-08-12 10:41:46.312: [INFO] OnDoneLoading sync enabled: 0
2026-08-12 10:41:46.312: [INFO] BookmarkModelLoaded, ids_reassigned: 0
2026-08-12 10:41:46.312: [INFO] BookmarksLoadDropped droppedNodes=0
2026-08-12 10:41:46.312: [INFO] BookmarksSnapshot Startup total=0 bar=0 other=0 mobile=0 showBar=0 showBarNTP=1
2026-08-12 10:41:46.811: [INFO] BookmarksSnapshot Shutdown total=0 bar=0 other=0 mobile=0 showBar=0 showBarNTP=1
2026-08-12 10:42:09.820: [INFO] CurrentProfilePath: E:\SOA-SKILL\SKILL 2\.metadata\.plugins\org.eclipse.swt\EBWebView\Default
2026-08-12 10:42:09.820: [INFO] Profiles total count: 1
2026-08-12 10:42:09.820: [INFO] Profile: name=Profile 1 path=E:\SOA-SKILL\SKILL 2\.metadata\.plugins\org.eclipse.swt\EBWebView\Default lastActive=null
2026-08-12 10:42:09.820: [INFO] LastUsedProfileDir: E:\SOA-SKILL\SKILL 2\.metadata\.plugins\org.eclipse.swt\EBWebView\Default
2026-08-12 10:42:09.820: [INFO] OnDoneLoading sync enabled: 0
2026-08-12 10:42:09.820: [INFO] BookmarkModelLoaded, ids_reassigned: 0
2026-08-12 10:42:09.820: [INFO] BookmarksLoadDropped droppedNodes=0
2026-08-12 10:42:09.820: [INFO] BookmarksSnapshot Startup total=0 bar=0 other=0 mobile=0 showBar=0 showBarNTP=1
2026-08-12 10:42:13.726: [INFO] BookmarksSnapshot Shutdown total=0 bar=0 other=0 mobile=0 showBar=0 showBarNTP=1
2026-08-12 10:43:08.583: [INFO] CurrentProfilePath: E:\SOA-SKILL\SKILL 2\.metadata\.plugins\org.eclipse.swt\EBWebView\Default
2026-08-12 10:43:08.583: [INFO] Profiles total count: 1
2026-08-12 10:43:08.583: [INFO] Profile: name=Profile 1 path=E:\SOA-SKILL\SKILL 2\.metadata\.plugins\org.eclipse.swt\EBWebView\Default lastActive=null
2026-08-12 10:43:08.583: [INFO] LastUsedProfileDir: E:\SOA-SKILL\SKILL 2\.metadata\.plugins\org.eclipse.swt\EBWebView\Default
2026-08-12 10:43:08.583: [INFO] OnDoneLoading sync enabled: 0
2026-08-12 10:43:08.583: [INFO] BookmarkModelLoaded, ids_reassigned: 0
2026-08-12 10:43:08.583: [INFO] BookmarksLoadDropped droppedNodes=0
2026-08-12 10:43:08.583: [INFO] BookmarksSnapshot Startup total=0 bar=0 other=0 mobile=0 showBar=0 showBarNTP=1
2026-08-12 11:48:30.905: [INFO] BookmarksSnapshot Shutdown total=0 bar=0 other=0 mobile=0 showBar=0 showBarNTP=1
2026-08-13 05:52:21.285: [INFO] CurrentProfilePath: E:\SOA-SKILL\SKILL 2\.metadata\.plugins\org.eclipse.swt\EBWebView\Default
2026-08-13 05:52:21.285: [INFO] Profiles total count: 1
2026-08-13 05:52:21.285: [INFO] Profile: name=Profile 1 path=E:\SOA-SKILL\SKILL 2\.metadata\.plugins\org.eclipse.swt\EBWebView\Default lastActive=null
2026-08-13 05:52:21.285: [INFO] LastUsedProfileDir: E:\SOA-SKILL\SKILL 2\.metadata\.plugins\org.eclipse.swt\EBWebView\Default
2026-08-13 05:52:21.285: [INFO] OnDoneLoading sync enabled: 0
2026-08-13 05:52:21.285: [INFO] BookmarkModelLoaded, ids_reassigned: 0
2026-08-13 05:52:21.285: [INFO] BookmarksLoadDropped droppedNodes=0
2026-08-13 05:52:21.285: [INFO] BookmarksSnapshot Startup total=0 bar=0 other=0 mobile=0 showBar=0 showBarNTP=1
2026-08-13 05:53:18.709: [INFO] BookmarksSnapshot Shutdown total=0 bar=0 other=0 mobile=0 showBar=0 showBarNTP=1
2026-08-13 05:53:31.450: [INFO] CurrentProfilePath: E:\SOA-SKILL\SKILL 2\.metadata\.plugins\org.eclipse.swt\EBWebView\Default
2026-08-13 05:53:31.450: [INFO] Profiles total count: 1
2026-08-13 05:53:31.450: [INFO] Profile: name=Profile 1 path=E:\SOA-SKILL\SKILL 2\.metadata\.plugins\org.eclipse.swt\EBWebView\Default lastActive=null
2026-08-13 05:53:31.450: [INFO] LastUsedProfileDir: E:\SOA-SKILL\SKILL 2\.metadata\.plugins\org.eclipse.swt\EBWebView\Default
2026-08-13 05:53:31.450: [INFO] OnDoneLoading sync enabled: 0
2026-08-13 05:53:31.450: [INFO] BookmarkModelLoaded, ids_reassigned: 0
2026-08-13 05:53:31.450: [INFO] BookmarksLoadDropped droppedNodes=0
2026-08-13 05:53:31.450: [INFO] BookmarksSnapshot Startup total=0 bar=0 other=0 mobile=0 showBar=0 showBarNTP=1
2026-08-13 05:53:36.365: [INFO] BookmarksSnapshot Shutdown total=0 bar=0 other=0 mobile=0 showBar=0 showBarNTP=1
2026-08-13 05:58:36.280: [INFO] CurrentProfilePath: E:\SOA-SKILL\SKILL 2\.metadata\.plugins\org.eclipse.swt\EBWebView\Default
2026-08-13 05:58:36.280: [INFO] Profiles total count: 1
2026-08-13 05:58:36.280: [INFO] Profile: name=Profile 1 path=E:\SOA-SKILL\SKILL 2\.metadata\.plugins\org.eclipse.swt\EBWebView\Default lastActive=null
2026-08-13 05:58:36.280: [INFO] LastUsedProfileDir: E:\SOA-SKILL\SKILL 2\.metadata\.plugins\org.eclipse.swt\EBWebView\Default
2026-08-13 05:58:36.280: [INFO] OnDoneLoading sync enabled: 0
2026-08-13 05:58:36.280: [INFO] BookmarkModelLoaded, ids_reassigned: 0
2026-08-13 05:58:36.280: [INFO] BookmarksLoadDropped droppedNodes=0
2026-08-13 05:58:36.280: [INFO] BookmarksSnapshot Startup total=0 bar=0 other=0 mobile=0 showBar=0 showBarNTP=1
2026-08-13 06:30:00.525: [INFO] BookmarksSnapshot Shutdown total=0 bar=0 other=0 mobile=0 showBar=0 showBarNTP=1
2026-08-13 10:33:24.017: [INFO] CurrentProfilePath: E:\SOA-SKILL\SKILL 2\.metadata\.plugins\org.eclipse.swt\EBWebView\Default
2026-08-13 10:33:24.017: [INFO] Profiles total count: 1
2026-08-13 10:33:24.017: [INFO] Profile: name=Profile 1 path=E:\SOA-SKILL\SKILL 2\.metadata\.plugins\org.eclipse.swt\EBWebView\Default lastActive=null
2026-08-13 10:33:24.017: [INFO] LastUsedProfileDir: E:\SOA-SKILL\SKILL 2\.metadata\.plugins\org.eclipse.swt\EBWebView\Default
2026-08-13 10:33:24.017: [INFO] OnDoneLoading sync enabled: 0
2026-08-13 10:33:24.017: [INFO] BookmarkModelLoaded, ids_reassigned: 0
2026-08-13 10:33:24.017: [INFO] BookmarksLoadDropped droppedNodes=0
2026-08-13 10:33:24.017: [INFO] BookmarksSnapshot Startup total=0 bar=0 other=0 mobile=0 showBar=0 showBarNTP=1
2026-08-13 10:33:31.931: [INFO] BookmarksSnapshot Shutdown total=0 bar=0 other=0 mobile=0 showBar=0 showBarNTP=1
2026-08-13 10:33:31.997: [INFO] CurrentProfilePath: E:\SOA-SKILL\SKILL 2\.metadata\.plugins\org.eclipse.swt\EBWebView\Default
2026-08-13 10:33:31.997: [INFO] Profiles total count: 1
2026-08-13 10:33:31.997: [INFO] Profile: name=Profile 1 path=E:\SOA-SKILL\SKILL 2\.metadata\.plugins\org.eclipse.swt\EBWebView\Default lastActive=null
2026-08-13 10:33:31.997: [INFO] LastUsedProfileDir: E:\SOA-SKILL\SKILL 2\.metadata\.plugins\org.eclipse.swt\EBWebView\Default
2026-08-13 10:33:31.997: [INFO] OnDoneLoading sync enabled: 0
2026-08-13 10:33:31.997: [INFO] BookmarkModelLoaded, ids_reassigned: 0
2026-08-13 10:33:31.997: [INFO] BookmarksLoadDropped droppedNodes=0
2026-08-13 10:33:31.997: [INFO] BookmarksSnapshot Startup total=0 bar=0 other=0 mobile=0 showBar=0 showBarNTP=1
2026-08-13 10:34:06.599: [INFO] BookmarksSnapshot Shutdown total=0 bar=0 other=0 mobile=0 showBar=0 showBarNTP=1
2026-08-13 10:34:06.679: [INFO] CurrentProfilePath: E:\SOA-SKILL\SKILL 2\.metadata\.plugins\org.eclipse.swt\EBWebView\Default
2026-08-13 10:34:06.679: [INFO] Profiles total count: 1
2026-08-13 10:34:06.679: [INFO] Profile: name=Profile 1 path=E:\SOA-SKILL\SKILL 2\.metadata\.plugins\org.eclipse.swt\EBWebView\Default lastActive=null
2026-08-13 10:34:06.680: [INFO] LastUsedProfileDir: E:\SOA-SKILL\SKILL 2\.metadata\.plugins\org.eclipse.swt\EBWebView\Default
2026-08-13 10:34:06.680: [INFO] OnDoneLoading sync enabled: 0
2026-08-13 10:34:06.680: [INFO] BookmarkModelLoaded, ids_reassigned: 0
2026-08-13 10:34:06.680: [INFO] BookmarksLoadDropped droppedNodes=0
2026-08-13 10:34:06.680: [INFO] BookmarksSnapshot Startup total=0 bar=0 other=0 mobile=0 showBar=0 showBarNTP=1
2026-08-13 10:34:11.330: [INFO] BookmarksSnapshot Shutdown total=0 bar=0 other=0 mobile=0 showBar=0 showBarNTP=1
2026-08-13 10:34:11.388: [INFO] CurrentProfilePath: E:\SOA-SKILL\SKILL 2\.metadata\.plugins\org.eclipse.swt\EBWebView\Default
2026-08-13 10:34:11.388: [INFO] Profiles total count: 1
2026-08-13 10:34:11.388: [INFO] Profile: name=Profile 1 path=E:\SOA-SKILL\SKILL 2\.metadata\.plugins\org.eclipse.swt\EBWebView\Default lastActive=null
2026-08-13 10:34:11.388: [INFO] LastUsedProfileDir: E:\SOA-SKILL\SKILL 2\.metadata\.plugins\org.eclipse.swt\EBWebView\Default
2026-08-13 10:34:11.388: [INFO] OnDoneLoading sync enabled: 0
2026-08-13 10:34:11.388: [INFO] BookmarkModelLoaded, ids_reassigned: 0
2026-08-13 10:34:11.388: [INFO] BookmarksLoadDropped droppedNodes=0
2026-08-13 10:34:11.388: [INFO] BookmarksSnapshot Startup total=0 bar=0 other=0 mobile=0 showBar=0 showBarNTP=1
2026-08-13 11:37:35.072: [INFO] BookmarksSnapshot Shutdown total=0 bar=0 other=0 mobile=0 showBar=0 showBarNTP=1
2026-08-13 11:39:45.818: [INFO] CurrentProfilePath: E:\SOA-SKILL\SKILL 2\.metadata\.plugins\org.eclipse.swt\EBWebView\Default
2026-08-13 11:39:45.818: [INFO] Profiles total count: 1
2026-08-13 11:39:45.818: [INFO] Profile: name=Profile 1 path=E:\SOA-SKILL\SKILL 2\.metadata\.plugins\org.eclipse.swt\EBWebView\Default lastActive=null
2026-08-13 11:39:45.818: [INFO] LastUsedProfileDir: E:\SOA-SKILL\SKILL 2\.metadata\.plugins\org.eclipse.swt\EBWebView\Default
2026-08-13 11:39:45.818: [INFO] OnDoneLoading sync enabled: 0
2026-08-13 11:39:45.818: [INFO] BookmarkModelLoaded, ids_reassigned: 0
2026-08-13 11:39:45.818: [INFO] BookmarksLoadDropped droppedNodes=0
2026-08-13 11:39:45.818: [INFO] BookmarksSnapshot Startup total=0 bar=0 other=0 mobile=0 showBar=0 showBarNTP=1
2026-08-13 11:56:02.560: [INFO] BookmarksSnapshot Shutdown total=0 bar=0 other=0 mobile=0 showBar=0 showBarNTP=1
2026-08-13 13:09:39.914: [INFO] CurrentProfilePath: E:\SOA-SKILL\SKILL 2\.metadata\.plugins\org.eclipse.swt\EBWebView\Default
2026-08-13 13:09:39.914: [INFO] Profiles total count: 1
2026-08-13 13:09:39.914: [INFO] Profile: name=Profile 1 path=E:\SOA-SKILL\SKILL 2\.metadata\.plugins\org.eclipse.swt\EBWebView\Default lastActive=null
2026-08-13 13:09:39.914: [INFO] LastUsedProfileDir: E:\SOA-SKILL\SKILL 2\.metadata\.plugins\org.eclipse.swt\EBWebView\Default
2026-08-13 13:09:39.914: [INFO] OnDoneLoading sync enabled: 0
2026-08-13 13:09:39.914: [INFO] BookmarkModelLoaded, ids_reassigned: 0
2026-08-13 13:09:39.914: [INFO] BookmarksLoadDropped droppedNodes=0
2026-08-13 13:09:39.914: [INFO] BookmarksSnapshot Startup total=0 bar=0 other=0 mobile=0 showBar=0 showBarNTP=1
2026-08-13 13:14:20.758: [INFO] BookmarksSnapshot Shutdown total=0 bar=0 other=0 mobile=0 showBar=0 showBarNTP=1
2026-08-13 13:15:26.888: [INFO] CurrentProfilePath: E:\SOA-SKILL\SKILL 2\.metadata\.plugins\org.eclipse.swt\EBWebView\Default
2026-08-13 13:15:26.888: [INFO] Profiles total count: 1
2026-08-13 13:15:26.888: [INFO] Profile: name=Profile 1 path=E:\SOA-SKILL\SKILL 2\.metadata\.plugins\org.eclipse.swt\EBWebView\Default lastActive=null
2026-08-13 13:15:26.888: [INFO] LastUsedProfileDir: E:\SOA-SKILL\SKILL 2\.metadata\.plugins\org.eclipse.swt\EBWebView\Default
2026-08-13 13:15:26.888: [INFO] OnDoneLoading sync enabled: 0
2026-08-13 13:15:26.888: [INFO] BookmarkModelLoaded, ids_reassigned: 0
2026-08-13 13:15:26.888: [INFO] BookmarksLoadDropped droppedNodes=0
2026-08-13 13:15:26.888: [INFO] BookmarksSnapshot Startup total=0 bar=0 other=0 mobile=0 showBar=0 showBarNTP=1
2026-08-13 13:31:35.301: [INFO] BookmarksSnapshot Shutdown total=0 bar=0 other=0 mobile=0 showBar=0 showBarNTP=1
