2026-08-06 11:11:49.493: [INFO] CurrentProfilePath: E:\SOA-SKILL\Skill1\.metadata\.plugins\org.eclipse.swt\EBWebView\Default
2026-08-06 11:11:49.494: [INFO] Profiles total count: 1
2026-08-06 11:11:49.494: [INFO] Profile: name=Profile 1 path=E:\SOA-SKILL\Skill1\.metadata\.plugins\org.eclipse.swt\EBWebView\Default lastActive=null
2026-08-06 11:11:49.494: [INFO] LastUsedProfileDir: E:\SOA-SKILL\Skill1\.metadata\.plugins\org.eclipse.swt\EBWebView\Default
2026-08-06 11:11:49.494: [INFO] OnDoneLoading sync enabled: 0
2026-08-06 11:11:49.494: [INFO] BookmarkModelLoaded, ids_reassigned: 0
2026-08-06 11:11:49.494: [INFO] BookmarksLoadDropped droppedNodes=0
2026-08-06 11:11:49.494: [INFO] BookmarksSnapshot Startup total=0 bar=0 other=0 mobile=0 showBar=0 showBarNTP=1
2026-08-06 11:59:21.964: [INFO] BookmarksSnapshot Shutdown total=0 bar=0 other=0 mobile=0 showBar=0 showBarNTP=1
2026-08-12 10:23:01.852: [INFO] CurrentProfilePath: E:\SOA-SKILL\Skill1\.metadata\.plugins\org.eclipse.swt\EBWebView\Default
2026-08-12 10:23:01.852: [INFO] Profiles total count: 1
2026-08-12 10:23:01.852: [INFO] Profile: name=Profile 1 path=E:\SOA-SKILL\Skill1\.metadata\.plugins\org.eclipse.swt\EBWebView\Default lastActive=null
2026-08-12 10:23:01.852: [INFO] LastUsedProfileDir: E:\SOA-SKILL\Skill1\.metadata\.plugins\org.eclipse.swt\EBWebView\Default
2026-08-12 10:23:01.852: [INFO] OnDoneLoading sync enabled: 0
2026-08-12 10:23:01.852: [INFO] BookmarkModelLoaded, ids_reassigned: 0
2026-08-12 10:23:01.852: [INFO] BookmarksLoadDropped droppedNodes=0
2026-08-12 10:23:01.852: [INFO] BookmarksSnapshot Startup total=0 bar=0 other=0 mobile=0 showBar=0 showBarNTP=1
2026-08-12 10:27:48.636: [INFO] BookmarksSnapshot Shutdown total=0 bar=0 other=0 mobile=0 showBar=0 showBarNTP=1
2026-08-13 13:14:53.639: [INFO] CurrentProfilePath: E:\SOA-SKILL\Skill1\.metadata\.plugins\org.eclipse.swt\EBWebView\Default
2026-08-13 13:14:53.639: [INFO] Profiles total count: 1
2026-08-13 13:14:53.639: [INFO] Profile: name=Profile 1 path=E:\SOA-SKILL\Skill1\.metadata\.plugins\org.eclipse.swt\EBWebView\Default lastActive=null
2026-08-13 13:14:53.639: [INFO] LastUsedProfileDir: E:\SOA-SKILL\Skill1\.metadata\.plugins\org.eclipse.swt\EBWebView\Default
2026-08-13 13:14:53.639: [INFO] OnDoneLoading sync enabled: 0
2026-08-13 13:14:53.639: [INFO] BookmarkModelLoaded, ids_reassigned: 0
2026-08-13 13:14:53.639: [INFO] BookmarksLoadDropped droppedNodes=0
2026-08-13 13:14:53.639: [INFO] BookmarksSnapshot Startup total=0 bar=0 other=0 mobile=0 showBar=0 showBarNTP=1
2026-08-13 13:15:09.937: [INFO] BookmarksSnapshot Shutdown total=0 bar=0 other=0 mobile=0 showBar=0 showBarNTP=1
